// Jest Snapshot v1, https://goo.gl/fbAQLP

exports[`renders correctly 1`] = `
<View
  style={
    Object {
      "flex": 1,
      "flexDirection": "column",
      "justifyContent": "center",
    }
  }
>
  <Text
    accessible={true}
    allowFontScaling={true}
    ellipsizeMode="tail"
    onPress={[Function]}
    style={
      Array [
        Object {
          "fontFamily": "HelveticaNeue",
          "fontSize": 20,
          "textAlign": "center",
        },
        Object {
          "color": "red",
        },
      ]
    }
  >
    Hello World!
  </Text>
</View>
`;
